
 Fri, 30 Oct 2020 21:04:49 GMT

COMMAND LINE:
 /usr/bin/rustpython threadring.rustpython 5000000

PROGRAM FAILED 


PROGRAM OUTPUT:
181

Traceback (most recent call last):
  File "threadring.rustpython", line 22, in worker
    raise StopIteration
StopIteration

The above exception was the direct cause of the following exception:

Traceback (most recent call last):
  File "threadring.rustpython", line 34, in <module>
    main()
  File "threadring.rustpython", line 32, in main
    break
  File "threadring.rustpython", line 30, in main
    n = send(n)
RuntimeError: generator raised StopIteration
