
 Mon, 25 Jan 2021 21:46:05 GMT

COMMAND LINE:
 /usr/bin/pyston threadring.pyston-3.pyston 5000000

PROGRAM FAILED 


PROGRAM OUTPUT:
181

Traceback (most recent call last):
  File "threadring.pyston-3.pyston", line 22, in worker
    raise StopIteration
StopIteration

The above exception was the direct cause of the following exception:

Traceback (most recent call last):
  File "threadring.pyston-3.pyston", line 34, in <module>
    main()
  File "threadring.pyston-3.pyston", line 30, in main
    n = send(n)
RuntimeError: generator raised StopIteration
